// Jest Snapshot v1, https://jestjs.io/docs/snapshot-testing

exports[`ADF To Markdown Test 1`] = `
"[https://testing.com/](https://testing.com/) 

[https://andymac4182.atlassian.net/wiki/spaces/T2/pages/8290305](https://andymac4182.atlassian.net/wiki/spaces/T2/pages/8290305) 

\`\`\`adf 
{"type":"decisionList","attrs":{"localId":"39becc7a-48c3-4e2d-a6bc-35648d6689a2"},"content":[{"type":"decisionItem","attrs":{"state":"DECIDED","localId":"95268b83-2fc0-4801-9b4f-e5c42cc530e6"},"content":[{"text":"Decision to track","type":"text"}]},{"type":"decisionItem","attrs":{"state":"DECIDED","localId":"564ab974-e6fe-48d2-a144-507f5ec30906"},"content":[{"text":"Testing Decision 2","type":"text"}]}]}
\`\`\`
\`\`\`adf 
{"type":"paragraph","content":[{"type":"date","attrs":{"timestamp":"1683244800000"}},{"text":" ","type":"text"}]}
\`\`\`
| **Testing** | **Testing 2** | **Testing 3** |
| ----------- | ------------- | ------------- |
| Row 1       | Row 1.2       | Row 1.3       |
| Row 2.1     | Row 2.2       | Row 2.3       |
Testing [*TESTING*](https://www.google.com/webmasters/tools/siteoverview)
Testing **New** Line

sdfsdf



***TESTING***


---

TESTING BELOW



# Testing Header 1
## Header 2
### Heading 3


#### Heading 4


##### Heading 5


###### **Heading 6**


\`\`\`ada 
TESTING CODE
\`\`\`


- Testing Bullets
- Testing Bullets 2



1. Testing Numbered List
2. Testing Numbered List 2



> Testing Block Quote
> Multiple Lines



> [!info]
> Testing Info Panel

> [!note]
> Testing Note Panel



> [!expand]+ Expand Title
> Testing expanded expand



> [!expand]+ Closed Expand
> Closed Expand



Testing ~Text~ <sub>Again </sub><sup>Testing More</sup>



[[mention:557058:aea5688c-52b9-4d15-aabe-96def1abc413|@Andrew McClenaghan]] 



\`testing\`code

- [ ] Testing [[mention:557058:aea5688c-52b9-4d15-aabe-96def1abc413|@Andrew McClenaghan]] 
- [x] Testing 2



> [!info]
> - Bullet List in Panel
> asdf
> 1. sdfsdf



:1f92f|exploding_head: 
"
`;
